// Jest Snapshot v1, https://goo.gl/fbAQLP

exports[`PersonProfilePage should render TopLocations 1`] = `
Object {
  "asFragment": [Function],
  "baseElement": <body>
    <div>
      <div
        class="MuiBox-root css-l1w0ah"
      >
        <div
          class="MuiBox-root css-9ls6wk"
        >
          <div
            aria-label="avatar"
            class="MuiAvatar-root MuiAvatar-circular css-15o4hbz-MuiAvatar-root"
          >
            <img
              class="MuiAvatar-img css-1pqm26d-MuiAvatar-img"
              src="user-image-not-found.png"
            />
          </div>
          <h4
            class="MuiTypography-root MuiTypography-h5 MuiTypography-alignCenter css-1sly7xo-MuiTypography-root"
          />
        </div>
        <div
          class="MuiBox-root css-rxzivr"
        >
          <div
            class="MuiBox-root css-8atqhb"
          >
            <div
              class="MuiBox-root css-1gsv261"
            >
              <div
                class="MuiTabs-root css-1ujnqem-MuiTabs-root"
              >
                <div
                  class="MuiTabs-scroller MuiTabs-fixed css-jpln7h-MuiTabs-scroller"
                  style="overflow: hidden; margin-bottom: 0px;"
                >
                  <div
                    aria-label="basic tabs example"
                    class="MuiTabs-flexContainer css-heg063-MuiTabs-flexContainer"
                    role="tablist"
                  >
                    <button
                      aria-controls="simple-tabpanel-0"
                      aria-selected="true"
                      class="MuiButtonBase-root MuiTab-root MuiTab-textColorPrimary Mui-selected css-1h9z7r5-MuiButtonBase-root-MuiTab-root"
                      id="simple-tab-0"
                      role="tab"
                      tabindex="0"
                      type="button"
                    >
                      profile.basicTabs.description
                      <span
                        class="MuiTouchRipple-root css-8je8zh-MuiTouchRipple-root"
                      />
                    </button>
                    <button
                      aria-controls="simple-tabpanel-1"
                      aria-selected="false"
                      class="MuiButtonBase-root MuiTab-root MuiTab-textColorPrimary css-1h9z7r5-MuiButtonBase-root-MuiTab-root"
                      id="simple-tab-1"
                      role="tab"
                      tabindex="-1"
                      type="button"
                    >
                      profile.basicTabs.subscribers
                      <span
                        class="MuiTouchRipple-root css-8je8zh-MuiTouchRipple-root"
                      />
                    </button>
                    <button
                      aria-controls="simple-tabpanel-2"
                      aria-selected="false"
                      class="MuiButtonBase-root MuiTab-root MuiTab-textColorPrimary css-1h9z7r5-MuiButtonBase-root-MuiTab-root"
                      id="simple-tab-2"
                      role="tab"
                      tabindex="-1"
                      type="button"
                    >
                      profile.basicTabs.subscriptions
                      <span
                        class="MuiTouchRipple-root css-8je8zh-MuiTouchRipple-root"
                      />
                    </button>
                  </div>
                  <span
                    class="MuiTabs-indicator css-1aquho2-MuiTabs-indicator"
                    style="left: 0px; width: 0px;"
                  />
                </div>
              </div>
            </div>
            <div
              class="MuiBox-root css-0"
            >
              <div
                aria-labelledby="simple-tab-0"
                class="MuiBox-root css-1dgopwc"
                id="simple-tabpanel-0"
                role="tabpanel"
              >
                <div
                  class="MuiBox-root css-19kzrtu"
                >
                  <span
                    class="MuiTypography-root MuiTypography-body1 css-ahj2mt-MuiTypography-root"
                  >
                    <span
                      class="MuiTypography-root MuiTypography-body1 css-ahj2mt-MuiTypography-root"
                    >
                      profile.basicTabs.noDescription
                    </span>
                  </span>
                </div>
              </div>
            </div>
            <div
              class="MuiBox-root css-0"
            >
              <div
                aria-labelledby="simple-tab-1"
                class="MuiBox-root css-1dgopwc"
                hidden=""
                id="simple-tabpanel-1"
                role="tabpanel"
              />
            </div>
            <div
              aria-labelledby="simple-tab-2"
              class="MuiBox-root css-1dgopwc"
              hidden=""
              id="simple-tabpanel-2"
              role="tabpanel"
            />
          </div>
        </div>
      </div>
    </div>
  </body>,
  "container": <div>
    <div
      class="MuiBox-root css-l1w0ah"
    >
      <div
        class="MuiBox-root css-9ls6wk"
      >
        <div
          aria-label="avatar"
          class="MuiAvatar-root MuiAvatar-circular css-15o4hbz-MuiAvatar-root"
        >
          <img
            class="MuiAvatar-img css-1pqm26d-MuiAvatar-img"
            src="user-image-not-found.png"
          />
        </div>
        <h4
          class="MuiTypography-root MuiTypography-h5 MuiTypography-alignCenter css-1sly7xo-MuiTypography-root"
        />
      </div>
      <div
        class="MuiBox-root css-rxzivr"
      >
        <div
          class="MuiBox-root css-8atqhb"
        >
          <div
            class="MuiBox-root css-1gsv261"
          >
            <div
              class="MuiTabs-root css-1ujnqem-MuiTabs-root"
            >
              <div
                class="MuiTabs-scroller MuiTabs-fixed css-jpln7h-MuiTabs-scroller"
                style="overflow: hidden; margin-bottom: 0px;"
              >
                <div
                  aria-label="basic tabs example"
                  class="MuiTabs-flexContainer css-heg063-MuiTabs-flexContainer"
                  role="tablist"
                >
                  <button
                    aria-controls="simple-tabpanel-0"
                    aria-selected="true"
                    class="MuiButtonBase-root MuiTab-root MuiTab-textColorPrimary Mui-selected css-1h9z7r5-MuiButtonBase-root-MuiTab-root"
                    id="simple-tab-0"
                    role="tab"
                    tabindex="0"
                    type="button"
                  >
                    profile.basicTabs.description
                    <span
                      class="MuiTouchRipple-root css-8je8zh-MuiTouchRipple-root"
                    />
                  </button>
                  <button
                    aria-controls="simple-tabpanel-1"
                    aria-selected="false"
                    class="MuiButtonBase-root MuiTab-root MuiTab-textColorPrimary css-1h9z7r5-MuiButtonBase-root-MuiTab-root"
                    id="simple-tab-1"
                    role="tab"
                    tabindex="-1"
                    type="button"
                  >
                    profile.basicTabs.subscribers
                    <span
                      class="MuiTouchRipple-root css-8je8zh-MuiTouchRipple-root"
                    />
                  </button>
                  <button
                    aria-controls="simple-tabpanel-2"
                    aria-selected="false"
                    class="MuiButtonBase-root MuiTab-root MuiTab-textColorPrimary css-1h9z7r5-MuiButtonBase-root-MuiTab-root"
                    id="simple-tab-2"
                    role="tab"
                    tabindex="-1"
                    type="button"
                  >
                    profile.basicTabs.subscriptions
                    <span
                      class="MuiTouchRipple-root css-8je8zh-MuiTouchRipple-root"
                    />
                  </button>
                </div>
                <span
                  class="MuiTabs-indicator css-1aquho2-MuiTabs-indicator"
                  style="left: 0px; width: 0px;"
                />
              </div>
            </div>
          </div>
          <div
            class="MuiBox-root css-0"
          >
            <div
              aria-labelledby="simple-tab-0"
              class="MuiBox-root css-1dgopwc"
              id="simple-tabpanel-0"
              role="tabpanel"
            >
              <div
                class="MuiBox-root css-19kzrtu"
              >
                <span
                  class="MuiTypography-root MuiTypography-body1 css-ahj2mt-MuiTypography-root"
                >
                  <span
                    class="MuiTypography-root MuiTypography-body1 css-ahj2mt-MuiTypography-root"
                  >
                    profile.basicTabs.noDescription
                  </span>
                </span>
              </div>
            </div>
          </div>
          <div
            class="MuiBox-root css-0"
          >
            <div
              aria-labelledby="simple-tab-1"
              class="MuiBox-root css-1dgopwc"
              hidden=""
              id="simple-tabpanel-1"
              role="tabpanel"
            />
          </div>
          <div
            aria-labelledby="simple-tab-2"
            class="MuiBox-root css-1dgopwc"
            hidden=""
            id="simple-tabpanel-2"
            role="tabpanel"
          />
        </div>
      </div>
    </div>
  </div>,
  "debug": [Function],
  "findAllByAltText": [Function],
  "findAllByDisplayValue": [Function],
  "findAllByLabelText": [Function],
  "findAllByPlaceholderText": [Function],
  "findAllByRole": [Function],
  "findAllByTestId": [Function],
  "findAllByText": [Function],
  "findAllByTitle": [Function],
  "findByAltText": [Function],
  "findByDisplayValue": [Function],
  "findByLabelText": [Function],
  "findByPlaceholderText": [Function],
  "findByRole": [Function],
  "findByTestId": [Function],
  "findByText": [Function],
  "findByTitle": [Function],
  "getAllByAltText": [Function],
  "getAllByDisplayValue": [Function],
  "getAllByLabelText": [Function],
  "getAllByPlaceholderText": [Function],
  "getAllByRole": [Function],
  "getAllByTestId": [Function],
  "getAllByText": [Function],
  "getAllByTitle": [Function],
  "getByAltText": [Function],
  "getByDisplayValue": [Function],
  "getByLabelText": [Function],
  "getByPlaceholderText": [Function],
  "getByRole": [Function],
  "getByTestId": [Function],
  "getByText": [Function],
  "getByTitle": [Function],
  "queryAllByAltText": [Function],
  "queryAllByDisplayValue": [Function],
  "queryAllByLabelText": [Function],
  "queryAllByPlaceholderText": [Function],
  "queryAllByRole": [Function],
  "queryAllByTestId": [Function],
  "queryAllByText": [Function],
  "queryAllByTitle": [Function],
  "queryByAltText": [Function],
  "queryByDisplayValue": [Function],
  "queryByLabelText": [Function],
  "queryByPlaceholderText": [Function],
  "queryByRole": [Function],
  "queryByTestId": [Function],
  "queryByText": [Function],
  "queryByTitle": [Function],
  "rerender": [Function],
  "unmount": [Function],
}
`;

exports[`TopLocations should render TopLocations 1`] = `
Object {
  "asFragment": [Function],
  "baseElement": <body>
    <div>
      <div
        class="MuiBox-root css-0"
      >
        <div
          class="MuiBox-root css-l1w0ah"
        >
          <div
            class="MuiBox-root css-9ls6wk"
          >
            <div
              aria-label="avatar"
              class="MuiAvatar-root MuiAvatar-circular css-15o4hbz-MuiAvatar-root"
            >
              <img
                class="MuiAvatar-img css-1pqm26d-MuiAvatar-img"
                src="user-image-not-found.png"
              />
            </div>
            <h4
              class="MuiTypography-root MuiTypography-h5 MuiTypography-alignCenter css-1sly7xo-MuiTypography-root"
            />
          </div>
          <div
            class="MuiBox-root css-rxzivr"
          >
            <div
              class="MuiBox-root css-8atqhb"
            >
              <div
                class="MuiBox-root css-1gsv261"
              >
                <div
                  class="MuiTabs-root css-1ujnqem-MuiTabs-root"
                >
                  <div
                    class="MuiTabs-scroller MuiTabs-fixed css-jpln7h-MuiTabs-scroller"
                    style="overflow: hidden; margin-bottom: 0px;"
                  >
                    <div
                      aria-label="basic tabs example"
                      class="MuiTabs-flexContainer css-heg063-MuiTabs-flexContainer"
                      role="tablist"
                    >
                      <button
                        aria-controls="simple-tabpanel-0"
                        aria-selected="true"
                        class="MuiButtonBase-root MuiTab-root MuiTab-textColorPrimary Mui-selected css-1h9z7r5-MuiButtonBase-root-MuiTab-root"
                        id="simple-tab-0"
                        role="tab"
                        tabindex="0"
                        type="button"
                      >
                        profile.basicTabs.description
                        <span
                          class="MuiTouchRipple-root css-8je8zh-MuiTouchRipple-root"
                        />
                      </button>
                      <button
                        aria-controls="simple-tabpanel-1"
                        aria-selected="false"
                        class="MuiButtonBase-root MuiTab-root MuiTab-textColorPrimary css-1h9z7r5-MuiButtonBase-root-MuiTab-root"
                        id="simple-tab-1"
                        role="tab"
                        tabindex="-1"
                        type="button"
                      >
                        profile.basicTabs.subscribers
                        <span
                          class="MuiTouchRipple-root css-8je8zh-MuiTouchRipple-root"
                        />
                      </button>
                      <button
                        aria-controls="simple-tabpanel-2"
                        aria-selected="false"
                        class="MuiButtonBase-root MuiTab-root MuiTab-textColorPrimary css-1h9z7r5-MuiButtonBase-root-MuiTab-root"
                        id="simple-tab-2"
                        role="tab"
                        tabindex="-1"
                        type="button"
                      >
                        profile.basicTabs.subscriptions
                        <span
                          class="MuiTouchRipple-root css-8je8zh-MuiTouchRipple-root"
                        />
                      </button>
                    </div>
                    <span
                      class="MuiTabs-indicator css-1aquho2-MuiTabs-indicator"
                      style="left: 0px; width: 0px;"
                    />
                  </div>
                </div>
              </div>
              <div
                class="MuiBox-root css-0"
              >
                <div
                  aria-labelledby="simple-tab-0"
                  class="MuiBox-root css-1dgopwc"
                  id="simple-tabpanel-0"
                  role="tabpanel"
                >
                  <div
                    class="MuiBox-root css-19kzrtu"
                  >
                    <span
                      class="MuiTypography-root MuiTypography-body1 css-ahj2mt-MuiTypography-root"
                    >
                      <span
                        class="MuiTypography-root MuiTypography-body1 css-ahj2mt-MuiTypography-root"
                      >
                        profile.basicTabs.noDescription
                      </span>
                    </span>
                  </div>
                </div>
              </div>
              <div
                class="MuiBox-root css-0"
              >
                <div
                  aria-labelledby="simple-tab-1"
                  class="MuiBox-root css-1dgopwc"
                  hidden=""
                  id="simple-tabpanel-1"
                  role="tabpanel"
                />
              </div>
              <div
                aria-labelledby="simple-tab-2"
                class="MuiBox-root css-1dgopwc"
                hidden=""
                id="simple-tabpanel-2"
                role="tabpanel"
              />
            </div>
          </div>
        </div>
      </div>
    </div>
  </body>,
  "container": <div>
    <div
      class="MuiBox-root css-0"
    >
      <div
        class="MuiBox-root css-l1w0ah"
      >
        <div
          class="MuiBox-root css-9ls6wk"
        >
          <div
            aria-label="avatar"
            class="MuiAvatar-root MuiAvatar-circular css-15o4hbz-MuiAvatar-root"
          >
            <img
              class="MuiAvatar-img css-1pqm26d-MuiAvatar-img"
              src="user-image-not-found.png"
            />
          </div>
          <h4
            class="MuiTypography-root MuiTypography-h5 MuiTypography-alignCenter css-1sly7xo-MuiTypography-root"
          />
        </div>
        <div
          class="MuiBox-root css-rxzivr"
        >
          <div
            class="MuiBox-root css-8atqhb"
          >
            <div
              class="MuiBox-root css-1gsv261"
            >
              <div
                class="MuiTabs-root css-1ujnqem-MuiTabs-root"
              >
                <div
                  class="MuiTabs-scroller MuiTabs-fixed css-jpln7h-MuiTabs-scroller"
                  style="overflow: hidden; margin-bottom: 0px;"
                >
                  <div
                    aria-label="basic tabs example"
                    class="MuiTabs-flexContainer css-heg063-MuiTabs-flexContainer"
                    role="tablist"
                  >
                    <button
                      aria-controls="simple-tabpanel-0"
                      aria-selected="true"
                      class="MuiButtonBase-root MuiTab-root MuiTab-textColorPrimary Mui-selected css-1h9z7r5-MuiButtonBase-root-MuiTab-root"
                      id="simple-tab-0"
                      role="tab"
                      tabindex="0"
                      type="button"
                    >
                      profile.basicTabs.description
                      <span
                        class="MuiTouchRipple-root css-8je8zh-MuiTouchRipple-root"
                      />
                    </button>
                    <button
                      aria-controls="simple-tabpanel-1"
                      aria-selected="false"
                      class="MuiButtonBase-root MuiTab-root MuiTab-textColorPrimary css-1h9z7r5-MuiButtonBase-root-MuiTab-root"
                      id="simple-tab-1"
                      role="tab"
                      tabindex="-1"
                      type="button"
                    >
                      profile.basicTabs.subscribers
                      <span
                        class="MuiTouchRipple-root css-8je8zh-MuiTouchRipple-root"
                      />
                    </button>
                    <button
                      aria-controls="simple-tabpanel-2"
                      aria-selected="false"
                      class="MuiButtonBase-root MuiTab-root MuiTab-textColorPrimary css-1h9z7r5-MuiButtonBase-root-MuiTab-root"
                      id="simple-tab-2"
                      role="tab"
                      tabindex="-1"
                      type="button"
                    >
                      profile.basicTabs.subscriptions
                      <span
                        class="MuiTouchRipple-root css-8je8zh-MuiTouchRipple-root"
                      />
                    </button>
                  </div>
                  <span
                    class="MuiTabs-indicator css-1aquho2-MuiTabs-indicator"
                    style="left: 0px; width: 0px;"
                  />
                </div>
              </div>
            </div>
            <div
              class="MuiBox-root css-0"
            >
              <div
                aria-labelledby="simple-tab-0"
                class="MuiBox-root css-1dgopwc"
                id="simple-tabpanel-0"
                role="tabpanel"
              >
                <div
                  class="MuiBox-root css-19kzrtu"
                >
                  <span
                    class="MuiTypography-root MuiTypography-body1 css-ahj2mt-MuiTypography-root"
                  >
                    <span
                      class="MuiTypography-root MuiTypography-body1 css-ahj2mt-MuiTypography-root"
                    >
                      profile.basicTabs.noDescription
                    </span>
                  </span>
                </div>
              </div>
            </div>
            <div
              class="MuiBox-root css-0"
            >
              <div
                aria-labelledby="simple-tab-1"
                class="MuiBox-root css-1dgopwc"
                hidden=""
                id="simple-tabpanel-1"
                role="tabpanel"
              />
            </div>
            <div
              aria-labelledby="simple-tab-2"
              class="MuiBox-root css-1dgopwc"
              hidden=""
              id="simple-tabpanel-2"
              role="tabpanel"
            />
          </div>
        </div>
      </div>
    </div>
  </div>,
  "debug": [Function],
  "findAllByAltText": [Function],
  "findAllByDisplayValue": [Function],
  "findAllByLabelText": [Function],
  "findAllByPlaceholderText": [Function],
  "findAllByRole": [Function],
  "findAllByTestId": [Function],
  "findAllByText": [Function],
  "findAllByTitle": [Function],
  "findByAltText": [Function],
  "findByDisplayValue": [Function],
  "findByLabelText": [Function],
  "findByPlaceholderText": [Function],
  "findByRole": [Function],
  "findByTestId": [Function],
  "findByText": [Function],
  "findByTitle": [Function],
  "getAllByAltText": [Function],
  "getAllByDisplayValue": [Function],
  "getAllByLabelText": [Function],
  "getAllByPlaceholderText": [Function],
  "getAllByRole": [Function],
  "getAllByTestId": [Function],
  "getAllByText": [Function],
  "getAllByTitle": [Function],
  "getByAltText": [Function],
  "getByDisplayValue": [Function],
  "getByLabelText": [Function],
  "getByPlaceholderText": [Function],
  "getByRole": [Function],
  "getByTestId": [Function],
  "getByText": [Function],
  "getByTitle": [Function],
  "queryAllByAltText": [Function],
  "queryAllByDisplayValue": [Function],
  "queryAllByLabelText": [Function],
  "queryAllByPlaceholderText": [Function],
  "queryAllByRole": [Function],
  "queryAllByTestId": [Function],
  "queryAllByText": [Function],
  "queryAllByTitle": [Function],
  "queryByAltText": [Function],
  "queryByDisplayValue": [Function],
  "queryByLabelText": [Function],
  "queryByPlaceholderText": [Function],
  "queryByRole": [Function],
  "queryByTestId": [Function],
  "queryByText": [Function],
  "queryByTitle": [Function],
  "rerender": [Function],
  "unmount": [Function],
}
`;
